[15:53:04] [main/INFO] (FabricLoader/GameProvider) Loading Minecraft 1.20.1 with Fabric Loader 0.18.4
[15:53:04] [main/INFO] (FabricLoader) Loading 64 mods:
	- architectury 9.2.14
	- cloth-basic-math 0.6.1
	- cloth-config 11.1.136
	- fabric-api 0.92.8+1.20.1
	- fabric-api-base 0.4.32+1802ada577
	- fabric-api-lookup-api-v1 1.6.37+1802ada577
	- fabric-biome-api-v1 13.0.15+93aa238b77
	- fabric-block-api-v1 1.0.12+1802ada577
	- fabric-block-view-api-v2 1.0.3+924f046a77
	- fabric-blockrenderlayer-v1 1.1.42+1802ada577
	- fabric-client-tags-api-v1 1.1.3+1802ada577
	- fabric-command-api-v1 1.2.35+f71b366f77
	- fabric-command-api-v2 2.2.14+1802ada577
	- fabric-commands-v0 0.2.52+df3654b377
	- fabric-containers-v0 0.1.67+df3654b377
	- fabric-content-registries-v0 4.0.13+1802ada577
	- fabric-convention-tags-v1 1.5.6+1802ada577
	- fabric-crash-report-info-v1 0.2.20+1802ada577
	- fabric-data-attachment-api-v1 1.0.2+de0fd6d177
	- fabric-data-generation-api-v1 12.3.8+1802ada577
	- fabric-dimensions-v1 2.1.55+1802ada577
	- fabric-entity-events-v1 1.6.1+1c78457f77
	- fabric-events-interaction-v0 0.6.5+13a40c6677
	- fabric-events-lifecycle-v0 0.2.64+df3654b377
	- fabric-game-rule-api-v1 1.0.41+1802ada577
	- fabric-gametest-api-v1 1.2.15+1802ada577
	- fabric-item-api-v1 2.1.29+1802ada577
	- fabric-item-group-api-v1 4.0.14+1802ada577
	- fabric-key-binding-api-v1 1.0.38+1802ada577
	- fabric-keybindings-v0 0.2.36+df3654b377
	- fabric-lifecycle-events-v1 2.2.23+1802ada577
	- fabric-loot-api-v2 1.2.3+1802ada577
	- fabric-loot-tables-v1 1.1.47+9e7660c677
	- fabric-message-api-v1 5.1.10+1802ada577
	- fabric-mining-level-api-v1 2.1.52+1802ada577
	- fabric-model-loading-api-v1 1.0.4+1802ada577
	- fabric-models-v0 0.4.3+9386d8a777
	- fabric-networking-api-v1 1.3.14+a158aa0477
	- fabric-networking-v0 0.3.54+df3654b377
	- fabric-object-builder-api-v1 11.1.5+e35120df77
	- fabric-particles-v1 1.1.3+1802ada577
	- fabric-recipe-api-v1 1.0.24+1802ada577
	- fabric-registry-sync-v0 2.4.0+4c0a70e677
	- fabric-renderer-api-v1 3.2.2+1802ada577
	- fabric-renderer-indigo 1.5.3+85287f9f77
	- fabric-renderer-registries-v1 3.2.47+df3654b377
	- fabric-rendering-data-attachment-v1 0.3.39+92a0d36777
	- fabric-rendering-fluids-v1 3.0.29+1802ada577
	- fabric-rendering-v0 1.1.50+df3654b377
	- fabric-rendering-v1 3.0.9+1802ada577
	- fabric-resource-conditions-api-v1 2.3.9+1802ada577
	- fabric-resource-loader-v0 0.11.12+fb82e9d777
	- fabric-screen-api-v1 2.0.9+1802ada577
	- fabric-screen-handler-api-v1 1.3.33+1802ada577
	- fabric-sound-api-v1 1.0.14+1802ada577
	- fabric-transfer-api-v1 3.3.6+8dd72ea377
	- fabric-transitive-access-wideners-v1 4.3.2+1802ada577
	- fabricloader 0.18.4
	- geckolib 4.4.9
	- generated_427396e 1.0.0
	- java 21
	- minecraft 1.20.1
	- mixinextras 0.5.0
	- soul_shard 1.1.0
[15:53:04] [main/INFO] (FabricLoader/Mixin) SpongePowered MIXIN Subsystem Version=0.8.7 Source=file:/C:/Users/d5828/.gradle/caches/modules-2/files-2.1/net.fabricmc/sponge-mixin/0.17.0+mixin.0.8.7/cf31463202f72d03b0ef1e1e38e8ee71b7faaab6/sponge-mixin-0.17.0+mixin.0.8.7.jar Service=Knot/Fabric Env=CLIENT
[15:53:04] [main/INFO] (FabricLoader/Mixin) Loaded Fabric development mappings for mixin remapper!
[15:53:04] [main/INFO] (FabricLoader/Mixin) Compatibility level set to JAVA_16
[15:53:04] [main/INFO] (FabricLoader/Mixin) Compatibility level set to JAVA_17
[15:53:04] [main/INFO] (FabricLoader/Mixin) Compatibility level set to JAVA_21
[15:53:05] [main/INFO] (FabricLoader/MixinExtras|Service) Initializing MixinExtras via com.llamalad7.mixinextras.service.MixinExtrasServiceImpl(version=0.5.0).
[15:53:10] [Datafixer Bootstrap/INFO] (Minecraft) 188 Datafixer optimizations took 133 milliseconds
[15:53:12] [Render thread/INFO] (Minecraft) [STDERR]: [LWJGL] [ThreadLocalUtil] Unsupported JNI version detected, this may result in a crash. Please inform LWJGL developers.
[15:53:12] [Render thread/INFO] (Minecraft) Environment: authHost='https://authserver.mojang.com', accountsHost='https://api.mojang.com', sessionHost='https://sessionserver.mojang.com', servicesHost='https://api.minecraftservices.com', name='PROD'
[15:53:13] [Render thread/ERROR] (Minecraft) Failed to verify authentication
com.mojang.authlib.exceptions.InvalidCredentialsException: Status: 401
	at com.mojang.authlib.exceptions.MinecraftClientHttpException.toAuthenticationException(MinecraftClientHttpException.java:56) ~[authlib-4.0.43.jar:?]
	at com.mojang.authlib.yggdrasil.YggdrasilUserApiService.fetchProperties(YggdrasilUserApiService.java:156) ~[authlib-4.0.43.jar:?]
	at com.mojang.authlib.yggdrasil.YggdrasilUserApiService.<init>(YggdrasilUserApiService.java:55) ~[authlib-4.0.43.jar:?]
	at com.mojang.authlib.yggdrasil.YggdrasilAuthenticationService.createUserApiService(YggdrasilAuthenticationService.java:124) ~[authlib-4.0.43.jar:?]
	at net.minecraft.client.Minecraft.createUserApiService(Minecraft.java:733) ~[minecraft-merged-1a7c3a48e7-1.20.1-loom.mappings.1_20_1.layered+hash.40359-v2.jar:?]
	at net.minecraft.client.Minecraft.<init>(Minecraft.java:442) ~[minecraft-merged-1a7c3a48e7-1.20.1-loom.mappings.1_20_1.layered+hash.40359-v2.jar:?]
	at net.minecraft.client.main.Main.main(Main.java:211) ~[minecraft-merged-1a7c3a48e7-1.20.1-loom.mappings.1_20_1.layered+hash.40359-v2.jar:?]
	at net.fabricmc.loader.impl.game.minecraft.MinecraftGameProvider.launch(MinecraftGameProvider.java:514) ~[fabric-loader-0.18.4.jar:?]
	at net.fabricmc.loader.impl.launch.knot.Knot.launch(Knot.java:72) ~[fabric-loader-0.18.4.jar:?]
	at net.fabricmc.loader.impl.launch.knot.KnotClient.main(KnotClient.java:23) ~[fabric-loader-0.18.4.jar:?]
	at net.fabricmc.devlaunchinjector.Main.main(Main.java:86) ~[dev-launch-injector-0.2.1+build.8.jar:?]
	at dev.architectury.transformer.TransformerRuntime.main(TransformerRuntime.java:220) ~[architectury-transformer-5.2.91-runtime.jar:?]
Caused by: com.mojang.authlib.exceptions.MinecraftClientHttpException: Status: 401
	at com.mojang.authlib.minecraft.client.MinecraftClient.readInputStream(MinecraftClient.java:85) ~[authlib-4.0.43.jar:?]
	at com.mojang.authlib.minecraft.client.MinecraftClient.get(MinecraftClient.java:48) ~[authlib-4.0.43.jar:?]
	at com.mojang.authlib.yggdrasil.YggdrasilUserApiService.fetchProperties(YggdrasilUserApiService.java:129) ~[authlib-4.0.43.jar:?]
	... 10 more
[15:53:13] [Render thread/INFO] (Minecraft) Setting user: Player14
[15:53:13] [Render thread/ERROR] (Minecraft) No data fixer registered for soul_shard
[15:53:13] [Render thread/INFO] (NetworkManagerImpl) Registering S2C receiver with id architectury:spawn_entity_packet
[15:53:13] [Render thread/INFO] (Indigo) [Indigo] Registering Indigo renderer!
[15:53:13] [Render thread/INFO] (Minecraft) Backend library: LWJGL version 3.3.2-snapshot
[15:53:15] [Render thread/INFO] (Minecraft) Reloading ResourceManager: vanilla, fabric (fabric-rendering-v0, fabricloader, fabric-resource-conditions-api-v1, fabric-message-api-v1, fabric-item-group-api-v1, fabric-object-builder-api-v1, fabric-gametest-api-v1, fabric-particles-v1, fabric-models-v0, fabric-command-api-v1, fabric-biome-api-v1, fabric-client-tags-api-v1, fabric-api-lookup-api-v1, fabric-commands-v0, fabric-block-view-api-v2, soul_shard, fabric-blockrenderlayer-v1, fabric-block-api-v1, fabric-data-attachment-api-v1, fabric-recipe-api-v1, fabric-renderer-indigo, fabric-events-lifecycle-v0, fabric-api, fabric-key-binding-api-v1, fabric-api-base, fabric-renderer-api-v1, fabric-dimensions-v1, fabric-sound-api-v1, fabric-loot-tables-v1, fabric-model-loading-api-v1, fabric-mining-level-api-v1, fabric-command-api-v2, fabric-networking-api-v1, geckolib, fabric-keybindings-v0, fabric-entity-events-v1, fabric-transfer-api-v1, fabric-registry-sync-v0, generated_427396e, fabric-events-interaction-v0, fabric-content-registries-v0, fabric-rendering-data-attachment-v1, fabric-rendering-v1, fabric-transitive-access-wideners-v1, fabric-item-api-v1, cloth-config, fabric-screen-handler-api-v1, fabric-screen-api-v1, fabric-rendering-fluids-v1, fabric-renderer-registries-v1, fabric-lifecycle-events-v1, fabric-resource-loader-v0, fabric-convention-tags-v1, fabric-data-generation-api-v1, fabric-game-rule-api-v1, fabric-networking-v0, fabric-containers-v0, fabric-crash-report-info-v1, fabric-loot-api-v2)
[15:53:15] [Worker-Main-3/INFO] (Minecraft) Found unifont_all_no_pua-15.0.06.hex, loading
[15:53:15] [Realms Notification Availability checker #1/INFO] (Minecraft) Could not authorize you against Realms server: java.lang.RuntimeException: Failed to parse into SignedJWT: FabricMC
[15:53:16] [Render thread/WARN] (Minecraft) Missing sound for event: minecraft:item.goat_horn.play
[15:53:16] [Render thread/WARN] (Minecraft) Missing sound for event: minecraft:entity.goat.screaming.horn_break
[15:53:16] [Render thread/INFO] (Minecraft) OpenAL initialized on device OpenAL Soft on Динамики (USB Audio Device)
[15:53:16] [Render thread/INFO] (Minecraft) Sound engine started
[15:53:16] [Render thread/INFO] (Minecraft) Created: 1024x1024x4 minecraft:textures/atlas/blocks.png-atlas
[15:53:16] [Render thread/INFO] (Minecraft) Created: 256x256x4 minecraft:textures/atlas/signs.png-atlas
[15:53:16] [Render thread/INFO] (Minecraft) Created: 512x512x4 minecraft:textures/atlas/banner_patterns.png-atlas
[15:53:16] [Render thread/INFO] (Minecraft) Created: 512x512x4 minecraft:textures/atlas/shield_patterns.png-atlas
[15:53:16] [Render thread/INFO] (Minecraft) Created: 1024x1024x4 minecraft:textures/atlas/armor_trims.png-atlas
[15:53:16] [Render thread/INFO] (Minecraft) Created: 128x64x4 minecraft:textures/atlas/decorated_pot.png-atlas
[15:53:16] [Render thread/INFO] (Minecraft) Created: 256x256x4 minecraft:textures/atlas/chest.png-atlas
[15:53:16] [Render thread/INFO] (Minecraft) Created: 512x256x4 minecraft:textures/atlas/shulker_boxes.png-atlas
[15:53:16] [Render thread/INFO] (Minecraft) Created: 512x256x4 minecraft:textures/atlas/beds.png-atlas
[15:53:16] [Render thread/WARN] (Minecraft) Shader rendertype_entity_translucent_emissive could not find sampler named Sampler2 in the specified shader program.
[15:53:16] [Render thread/INFO] (Minecraft) Created: 256x256x0 minecraft:textures/atlas/particles.png-atlas
[15:53:16] [Render thread/INFO] (Minecraft) Created: 256x256x0 minecraft:textures/atlas/paintings.png-atlas
[15:53:16] [Render thread/INFO] (Minecraft) Created: 128x128x0 minecraft:textures/atlas/mob_effects.png-atlas
[15:53:22] [Render thread/INFO] (Minecraft) Loaded 7 recipes
[15:53:22] [Render thread/INFO] (Minecraft) Loaded 1271 advancements
[15:53:23] [Render thread/INFO] (BiomeModificationImpl) Applied 0 biome modifications to 0 of 64 new biomes in 1.652 ms
[15:53:23] [Server thread/INFO] (Minecraft) Starting integrated minecraft server version 1.20.1
[15:53:23] [Server thread/INFO] (Minecraft) Generating keypair
[15:53:23] [Server thread/ERROR] (Minecraft) Failed to load random sequence salt
java.util.NoSuchElementException: No value present
	at java.util.Optional.get(Optional.java:143) ~[?:?]
	at net.minecraft.world.RandomSequences.load(RandomSequences.java:103) ~[minecraft-merged-1a7c3a48e7-1.20.1-loom.mappings.1_20_1.layered+hash.40359-v2.jar:?]
	at net.minecraft.server.level.ServerLevel.method_52169(ServerLevel.java:262) ~[minecraft-merged-1a7c3a48e7-1.20.1-loom.mappings.1_20_1.layered+hash.40359-v2.jar:?]
	at net.minecraft.world.level.storage.DimensionDataStorage.readSavedData(DimensionDataStorage.java:71) ~[minecraft-merged-1a7c3a48e7-1.20.1-loom.mappings.1_20_1.layered+hash.40359-v2.jar:?]
	at net.minecraft.world.level.storage.DimensionDataStorage.get(DimensionDataStorage.java:58) ~[minecraft-merged-1a7c3a48e7-1.20.1-loom.mappings.1_20_1.layered+hash.40359-v2.jar:?]
	at net.minecraft.world.level.storage.DimensionDataStorage.computeIfAbsent(DimensionDataStorage.java:42) ~[minecraft-merged-1a7c3a48e7-1.20.1-loom.mappings.1_20_1.layered+hash.40359-v2.jar:?]
	at net.minecraft.server.level.ServerLevel.method_51838(ServerLevel.java:262) ~[minecraft-merged-1a7c3a48e7-1.20.1-loom.mappings.1_20_1.layered+hash.40359-v2.jar:?]
	at java.util.Objects.requireNonNullElseGet(Objects.java:334) ~[?:?]
	at net.minecraft.server.level.ServerLevel.<init>(ServerLevel.java:262) ~[minecraft-merged-1a7c3a48e7-1.20.1-loom.mappings.1_20_1.layered+hash.40359-v2.jar:?]
	at net.minecraft.server.MinecraftServer.createLevels(MinecraftServer.java:359) ~[minecraft-merged-1a7c3a48e7-1.20.1-loom.mappings.1_20_1.layered+hash.40359-v2.jar:?]
	at net.minecraft.server.MinecraftServer.loadLevel(MinecraftServer.java:324) ~[minecraft-merged-1a7c3a48e7-1.20.1-loom.mappings.1_20_1.layered+hash.40359-v2.jar:?]
	at net.minecraft.client.server.IntegratedServer.initServer(IntegratedServer.java:69) ~[minecraft-merged-1a7c3a48e7-1.20.1-loom.mappings.1_20_1.layered+hash.40359-v2.jar:?]
	at net.minecraft.server.MinecraftServer.runServer(MinecraftServer.java:646) ~[minecraft-merged-1a7c3a48e7-1.20.1-loom.mappings.1_20_1.layered+hash.40359-v2.jar:?]
	at net.minecraft.server.MinecraftServer.method_29739(MinecraftServer.java:265) ~[minecraft-merged-1a7c3a48e7-1.20.1-loom.mappings.1_20_1.layered+hash.40359-v2.jar:?]
	at java.lang.Thread.run(Thread.java:1583) ~[?:?]
[15:53:23] [Server thread/ERROR] (Minecraft) Failed to load random sequence include_sequence_id
java.util.NoSuchElementException: No value present
	at java.util.Optional.get(Optional.java:143) ~[?:?]
	at net.minecraft.world.RandomSequences.load(RandomSequences.java:103) ~[minecraft-merged-1a7c3a48e7-1.20.1-loom.mappings.1_20_1.layered+hash.40359-v2.jar:?]
	at net.minecraft.server.level.ServerLevel.method_52169(ServerLevel.java:262) ~[minecraft-merged-1a7c3a48e7-1.20.1-loom.mappings.1_20_1.layered+hash.40359-v2.jar:?]
	at net.minecraft.world.level.storage.DimensionDataStorage.readSavedData(DimensionDataStorage.java:71) ~[minecraft-merged-1a7c3a48e7-1.20.1-loom.mappings.1_20_1.layered+hash.40359-v2.jar:?]
	at net.minecraft.world.level.storage.DimensionDataStorage.get(DimensionDataStorage.java:58) ~[minecraft-merged-1a7c3a48e7-1.20.1-loom.mappings.1_20_1.layered+hash.40359-v2.jar:?]
	at net.minecraft.world.level.storage.DimensionDataStorage.computeIfAbsent(DimensionDataStorage.java:42) ~[minecraft-merged-1a7c3a48e7-1.20.1-loom.mappings.1_20_1.layered+hash.40359-v2.jar:?]
	at net.minecraft.server.level.ServerLevel.method_51838(ServerLevel.java:262) ~[minecraft-merged-1a7c3a48e7-1.20.1-loom.mappings.1_20_1.layered+hash.40359-v2.jar:?]
	at java.util.Objects.requireNonNullElseGet(Objects.java:334) ~[?:?]
	at net.minecraft.server.level.ServerLevel.<init>(ServerLevel.java:262) ~[minecraft-merged-1a7c3a48e7-1.20.1-loom.mappings.1_20_1.layered+hash.40359-v2.jar:?]
	at net.minecraft.server.MinecraftServer.createLevels(MinecraftServer.java:359) ~[minecraft-merged-1a7c3a48e7-1.20.1-loom.mappings.1_20_1.layered+hash.40359-v2.jar:?]
	at net.minecraft.server.MinecraftServer.loadLevel(MinecraftServer.java:324) ~[minecraft-merged-1a7c3a48e7-1.20.1-loom.mappings.1_20_1.layered+hash.40359-v2.jar:?]
	at net.minecraft.client.server.IntegratedServer.initServer(IntegratedServer.java:69) ~[minecraft-merged-1a7c3a48e7-1.20.1-loom.mappings.1_20_1.layered+hash.40359-v2.jar:?]
	at net.minecraft.server.MinecraftServer.runServer(MinecraftServer.java:646) ~[minecraft-merged-1a7c3a48e7-1.20.1-loom.mappings.1_20_1.layered+hash.40359-v2.jar:?]
	at net.minecraft.server.MinecraftServer.method_29739(MinecraftServer.java:265) ~[minecraft-merged-1a7c3a48e7-1.20.1-loom.mappings.1_20_1.layered+hash.40359-v2.jar:?]
	at java.lang.Thread.run(Thread.java:1583) ~[?:?]
[15:53:23] [Server thread/ERROR] (Minecraft) Failed to load random sequence sequences
java.util.NoSuchElementException: No value present
	at java.util.Optional.get(Optional.java:143) ~[?:?]
	at net.minecraft.world.RandomSequences.load(RandomSequences.java:103) ~[minecraft-merged-1a7c3a48e7-1.20.1-loom.mappings.1_20_1.layered+hash.40359-v2.jar:?]
	at net.minecraft.server.level.ServerLevel.method_52169(ServerLevel.java:262) ~[minecraft-merged-1a7c3a48e7-1.20.1-loom.mappings.1_20_1.layered+hash.40359-v2.jar:?]
	at net.minecraft.world.level.storage.DimensionDataStorage.readSavedData(DimensionDataStorage.java:71) ~[minecraft-merged-1a7c3a48e7-1.20.1-loom.mappings.1_20_1.layered+hash.40359-v2.jar:?]
	at net.minecraft.world.level.storage.DimensionDataStorage.get(DimensionDataStorage.java:58) ~[minecraft-merged-1a7c3a48e7-1.20.1-loom.mappings.1_20_1.layered+hash.40359-v2.jar:?]
	at net.minecraft.world.level.storage.DimensionDataStorage.computeIfAbsent(DimensionDataStorage.java:42) ~[minecraft-merged-1a7c3a48e7-1.20.1-loom.mappings.1_20_1.layered+hash.40359-v2.jar:?]
	at net.minecraft.server.level.ServerLevel.method_51838(ServerLevel.java:262) ~[minecraft-merged-1a7c3a48e7-1.20.1-loom.mappings.1_20_1.layered+hash.40359-v2.jar:?]
	at java.util.Objects.requireNonNullElseGet(Objects.java:334) ~[?:?]
	at net.minecraft.server.level.ServerLevel.<init>(ServerLevel.java:262) ~[minecraft-merged-1a7c3a48e7-1.20.1-loom.mappings.1_20_1.layered+hash.40359-v2.jar:?]
	at net.minecraft.server.MinecraftServer.createLevels(MinecraftServer.java:359) ~[minecraft-merged-1a7c3a48e7-1.20.1-loom.mappings.1_20_1.layered+hash.40359-v2.jar:?]
	at net.minecraft.server.MinecraftServer.loadLevel(MinecraftServer.java:324) ~[minecraft-merged-1a7c3a48e7-1.20.1-loom.mappings.1_20_1.layered+hash.40359-v2.jar:?]
	at net.minecraft.client.server.IntegratedServer.initServer(IntegratedServer.java:69) ~[minecraft-merged-1a7c3a48e7-1.20.1-loom.mappings.1_20_1.layered+hash.40359-v2.jar:?]
	at net.minecraft.server.MinecraftServer.runServer(MinecraftServer.java:646) ~[minecraft-merged-1a7c3a48e7-1.20.1-loom.mappings.1_20_1.layered+hash.40359-v2.jar:?]
	at net.minecraft.server.MinecraftServer.method_29739(MinecraftServer.java:265) ~[minecraft-merged-1a7c3a48e7-1.20.1-loom.mappings.1_20_1.layered+hash.40359-v2.jar:?]
	at java.lang.Thread.run(Thread.java:1583) ~[?:?]
[15:53:23] [Server thread/ERROR] (Minecraft) Failed to load random sequence include_world_seed
java.util.NoSuchElementException: No value present
	at java.util.Optional.get(Optional.java:143) ~[?:?]
	at net.minecraft.world.RandomSequences.load(RandomSequences.java:103) ~[minecraft-merged-1a7c3a48e7-1.20.1-loom.mappings.1_20_1.layered+hash.40359-v2.jar:?]
	at net.minecraft.server.level.ServerLevel.method_52169(ServerLevel.java:262) ~[minecraft-merged-1a7c3a48e7-1.20.1-loom.mappings.1_20_1.layered+hash.40359-v2.jar:?]
	at net.minecraft.world.level.storage.DimensionDataStorage.readSavedData(DimensionDataStorage.java:71) ~[minecraft-merged-1a7c3a48e7-1.20.1-loom.mappings.1_20_1.layered+hash.40359-v2.jar:?]
	at net.minecraft.world.level.storage.DimensionDataStorage.get(DimensionDataStorage.java:58) ~[minecraft-merged-1a7c3a48e7-1.20.1-loom.mappings.1_20_1.layered+hash.40359-v2.jar:?]
	at net.minecraft.world.level.storage.DimensionDataStorage.computeIfAbsent(DimensionDataStorage.java:42) ~[minecraft-merged-1a7c3a48e7-1.20.1-loom.mappings.1_20_1.layered+hash.40359-v2.jar:?]
	at net.minecraft.server.level.ServerLevel.method_51838(ServerLevel.java:262) ~[minecraft-merged-1a7c3a48e7-1.20.1-loom.mappings.1_20_1.layered+hash.40359-v2.jar:?]
	at java.util.Objects.requireNonNullElseGet(Objects.java:334) ~[?:?]
	at net.minecraft.server.level.ServerLevel.<init>(ServerLevel.java:262) ~[minecraft-merged-1a7c3a48e7-1.20.1-loom.mappings.1_20_1.layered+hash.40359-v2.jar:?]
	at net.minecraft.server.MinecraftServer.createLevels(MinecraftServer.java:359) ~[minecraft-merged-1a7c3a48e7-1.20.1-loom.mappings.1_20_1.layered+hash.40359-v2.jar:?]
	at net.minecraft.server.MinecraftServer.loadLevel(MinecraftServer.java:324) ~[minecraft-merged-1a7c3a48e7-1.20.1-loom.mappings.1_20_1.layered+hash.40359-v2.jar:?]
	at net.minecraft.client.server.IntegratedServer.initServer(IntegratedServer.java:69) ~[minecraft-merged-1a7c3a48e7-1.20.1-loom.mappings.1_20_1.layered+hash.40359-v2.jar:?]
	at net.minecraft.server.MinecraftServer.runServer(MinecraftServer.java:646) ~[minecraft-merged-1a7c3a48e7-1.20.1-loom.mappings.1_20_1.layered+hash.40359-v2.jar:?]
	at net.minecraft.server.MinecraftServer.method_29739(MinecraftServer.java:265) ~[minecraft-merged-1a7c3a48e7-1.20.1-loom.mappings.1_20_1.layered+hash.40359-v2.jar:?]
	at java.lang.Thread.run(Thread.java:1583) ~[?:?]
[15:53:24] [Server thread/INFO] (Minecraft) Preparing start region for dimension minecraft:overworld
[15:53:26] [Render thread/INFO] (Minecraft) Preparing spawn area: 0%
[15:53:26] [Render thread/INFO] (Minecraft) Preparing spawn area: 0%
[15:53:26] [Render thread/INFO] (Minecraft) Preparing spawn area: 0%
[15:53:26] [Render thread/INFO] (Minecraft) Preparing spawn area: 0%
[15:53:26] [Render thread/INFO] (Minecraft) Preparing spawn area: 0%
[15:53:27] [Render thread/INFO] (Minecraft) Preparing spawn area: 0%
[15:53:27] [Render thread/INFO] (Minecraft) Preparing spawn area: 69%
[15:53:27] [Render thread/INFO] (Minecraft) Time elapsed: 3262 ms
[15:53:27] [Server thread/INFO] (Minecraft) Changing view distance to 12, from 10
[15:53:27] [Server thread/INFO] (Minecraft) Changing simulation distance to 12, from 0
[15:53:28] [Server thread/INFO] (Minecraft) Player14[local:E:4579f7c6] logged in with entity id 182 at (-26.253402239999062, 128.0, 33.636299748888625)
[15:53:28] [Server thread/INFO] (Minecraft) Player14 joined the game
[15:53:29] [Render thread/INFO] (Minecraft) Loaded 3 advancements
[15:53:38] [Server thread/INFO] (Minecraft) [STDOUT]: Thats Work!!! player name: Player14
[15:53:38] [Server thread/INFO] (Minecraft) Player14 was killed
[15:53:38] [Server thread/INFO] (Minecraft) [STDOUT]: Речі не падають)
[15:53:38] [Server thread/INFO] (Minecraft) [Player14: Killed Player14]
[15:53:38] [Render thread/INFO] (Minecraft) [System] [CHAT] Player14 was killed
[15:53:38] [Render thread/INFO] (Minecraft) [System] [CHAT] Killed Player14
[15:53:59] [Server thread/INFO] (Minecraft) Saving and pausing game...
[15:53:59] [Server thread/INFO] (Minecraft) Saving chunks for level 'ServerLevel[New World]'/minecraft:overworld
[15:53:59] [Server thread/INFO] (Minecraft) Saving chunks for level 'ServerLevel[New World]'/minecraft:the_end
[15:53:59] [Server thread/INFO] (Minecraft) Saving chunks for level 'ServerLevel[New World]'/minecraft:the_nether
[15:53:59] [Server thread/INFO] (Minecraft) Player14 lost connection: Disconnected
[15:53:59] [Server thread/INFO] (Minecraft) Player14 left the game
[15:53:59] [Server thread/INFO] (Minecraft) Stopping singleplayer server as player logged out
[15:53:59] [Server thread/INFO] (Minecraft) Stopping server
[15:53:59] [Server thread/INFO] (Minecraft) Saving players
[15:53:59] [Server thread/INFO] (Minecraft) Saving worlds
[15:54:00] [Server thread/INFO] (Minecraft) Saving chunks for level 'ServerLevel[New World]'/minecraft:overworld
[15:54:01] [Server thread/INFO] (Minecraft) Saving chunks for level 'ServerLevel[New World]'/minecraft:the_end
[15:54:01] [Server thread/INFO] (Minecraft) Saving chunks for level 'ServerLevel[New World]'/minecraft:the_nether
[15:54:01] [Server thread/INFO] (Minecraft) ThreadedAnvilChunkStorage (New World): All chunks are saved
[15:54:01] [Server thread/INFO] (Minecraft) ThreadedAnvilChunkStorage (DIM1): All chunks are saved
[15:54:01] [Server thread/INFO] (Minecraft) ThreadedAnvilChunkStorage (DIM-1): All chunks are saved
[15:54:01] [Server thread/INFO] (Minecraft) ThreadedAnvilChunkStorage: All dimensions are saved
[15:54:04] [Render thread/INFO] (Minecraft) Stopping!
